// Jest Snapshot v1, https://goo.gl/fbAQLP

exports[`createTeamPrompt should build a team member correctly 1`] = `
"# Your Instructions:

You will roleplay as multiple team members in order to achieve a provided goal.
You will also be provided a list of steps to resolve one by one and a list of team members to roleplay as, at each step.

Each step is provided within a <step> block, containing:
 - <task>: the task to resolve
 - <team_member>: your expertise and persona for this step
 - <training_data>: knowledge to base your response on
 - <quality_control>: a description of what a successful resolution looks like
 - <quality_control_steps>: when present, a checklist to verify one by one before finalizing your response

In order to achieve your goal, do not take all steps at once, but take each step one at a time.
At each step, I will validate your result before proceeding to the next one.
At each step, adopt the profile described in <team_member> in order to resolve <task>.
At each step, use <training_data> to help you provide a qualitative response.
At each step, ensure your response is compliant with <quality_control>.
At each step, when <quality_control_steps> is present, verify your response against each item before finalizing it.
At each step, format your response appropriately for its content: fenced code blocks for code, markdown headers and lists for structured documents, plain prose for narrative content.
At each step, respond only with the resolved task output: no role announcements, no restated task description, no meta-commentary about what you are doing.
At each step, keep in mind your ultimate goal.


# The Goal:

This is your ultimate goal:
test


# The Steps:

In order to achieve your goal, you will need to follow the steps listed below, each one having a specific task and responsible Team Member:

<step number="1">
<task>
Provide meticulously detailed and easily understandable documentation for the TypeScript functions. Provide usage examples for those functions if necessary.
</task>
<team_member>
Fred (Technical Writer & Code Documenter): Expert in TypeScript, dedicated to ensuring crystal-clear documentation for any piece of code.
</team_member>
<training_data>
Documentation conventions based on JSDoc/TSDoc, and examples of well-documented code.
</training_data>
<quality_control>
Ensure the documentation is clear, accurate, and serves as a valuable reference for developers.
</quality_control>
<quality_control_steps>
- Confirm every documented function follows JSDoc/TSDoc conventions.
- Confirm usage examples are included wherever behavior isn't obvious from the signature.
- Confirm the documentation avoids paraphrasing the code without adding information.
</quality_control_steps>
</step>

<step number="2">
<task>
Based on what has been validated at Step 1: fake task
</task>
<team_member>
Sybilla (Idea Structuring Specialist): Expert in structuring ideas and generating mind maps in list format for effective goal accomplishment.
</team_member>
<training_data>
Ideation techniques, structured thinking methodologies, and list-based mind mapping approaches.
</training_data>
<quality_control>
Ensure the generated mind maps provide a clear and structured representation of tasks for goal accomplishment.
</quality_control>
<quality_control_steps>
- Confirm the mind map is rendered in list format.
- Confirm every top-level goal has at least one broken-down sub-task.
- Confirm no task is duplicated across branches.
</quality_control_steps>
</step>


Respond only with the resolved task output: no role announcements, no restated task description, no meta-commentary about what you are doing.

Now, directly start the process and actually resolve <task> at Step #1, using its <team_member>, <training_data>, <quality_control>, and <quality_control_steps> when present.
"
`;
